###############################################################################
#
# IAR ELF Linker V8.20.1.14183/W32 for ARM                27/Oct/2017  16:59:31
# Copyright 2007-2017 IAR Systems AB.
#
#    Output file  =  
#        C:\StellarisWare\boards\ek-lm3s8962\project_2\Debug\Exe\project_2.out
#    Map file     =  
#        C:\StellarisWare\boards\ek-lm3s8962\project_2\Debug\List\project_2.map
#    Command line =  
#        -f C:\Users\Raj\AppData\Local\Temp\EWF381.tmp
#        (C:\StellarisWare\boards\ek-lm3s8962\project_2\Debug\Obj\compute.o
#        C:\StellarisWare\boards\ek-lm3s8962\project_2\Debug\Obj\display.o
#        C:\StellarisWare\driverlib\ewarm-cm3\Exe\driverlib-cm3.a
#        C:\StellarisWare\boards\ek-lm3s8962\project_2\Debug\Obj\GlobalCounter.o
#        C:\StellarisWare\boards\ek-lm3s8962\project_2\Debug\Obj\main.o
#        C:\StellarisWare\boards\ek-lm3s8962\project_2\Debug\Obj\measure.o
#        C:\StellarisWare\boards\ek-lm3s8962\project_2\Debug\Obj\rit128x96x4.o
#        C:\StellarisWare\boards\ek-lm3s8962\project_2\Debug\Obj\startup_ewarm.o
#        C:\StellarisWare\boards\ek-lm3s8962\project_2\Debug\Obj\statusMethod.o
#        C:\StellarisWare\boards\ek-lm3s8962\project_2\Debug\Obj\ustdlib.o
#        C:\StellarisWare\boards\ek-lm3s8962\project_2\Debug\Obj\warning.o -o
#        C:\StellarisWare\boards\ek-lm3s8962\project_2\Debug\Exe\project_2.out
#        --redirect _Printf=_PrintfFullNoMb --redirect _Scanf=_ScanfFullNoMb
#        --map
#        C:\StellarisWare\boards\ek-lm3s8962\project_2\Debug\List\project_2.map
#        --config "C:\Program Files (x86)\IAR Systems\Embedded Workbench
#        8.0\arm\config\linker\TexasInstruments\LM3S8962.icf" --semihosting
#        --entry __iar_program_start --vfe --text_out locale)
#
###############################################################################

*******************************************************************************
*** RUNTIME MODEL ATTRIBUTES
***

CppFlavor       = *
__Heap_Handler  = NoFree
__SystemLibrary = DLib
__dlib_version  = 6


*******************************************************************************
*** HEAP SELECTION
***

The no free heap was selected because no calls to memory
deallocation functions were found in the application.


*******************************************************************************
*** PLACEMENT SUMMARY
***

"A0":  place at 0x00000000 { ro section .intvec };
"P1":  place in [from 0x00000000 to 0x0003ffff] { ro };
define block CSTACK with size = 2K, alignment = 8 { };
define block HEAP with size = 16K, alignment = 8 { };
"P2":  place in [from 0x20000000 to 0x2000ffff] {
          rw, block CSTACK, block HEAP };
do not initialize { section .noinit };
initialize by copy { rw };

  Section            Kind        Address    Size  Object
  -------            ----        -------    ----  ------
"A0":                                       0xf0
  .intvec            const    0x00000000    0xf0  startup_ewarm.o [1]
                            - 0x000000f0    0xf0

"P1":                                     0x269c
  .text              ro code  0x000000f0   0x6a0  main.o [1]
  .text              ro code  0x00000790    0x7c  timer.o [4]
  .text              ro code  0x0000080c    0x88  interrupt.o [4]
  .text              ro code  0x00000894   0x28c  gpio.o [4]
  .text              ro code  0x00000b20    0xd2  pwm.o [4]
  .text              ro code  0x00000bf2     0x6  startup_ewarm.o [1]
  .text              ro code  0x00000bf8   0x42c  sysctl.o [4]
  .text              ro code  0x00001024    0x20  systick.o [4]
  .text              ro code  0x00001044   0x37c  rit128x96x4.o [1]
  .text              ro code  0x000013c0    0x44  no_free_heap0.o [3]
  .text              ro code  0x00001404    0x10  cpu.o [4]
  .text              ro code  0x00001414    0xa8  ssi.o [4]
  .text              ro code  0x000014bc    0x2c  xgetmemchunk.o [3]
  .text              ro code  0x000014e8   0x2b8  ustdlib.o [1]
  .text              ro code  0x000017a0   0x2b2  measure.o [1]
  .rodata            const    0x00001a52     0x2  rit128x96x4.o [1]
  .text              ro code  0x00001a54   0x264  display.o [1]
  .text              ro code  0x00001cb8    0x20  strcat.o [3]
  .rodata            const    0x00001cd8   0x1e0  rit128x96x4.o [1]
  .text              ro code  0x00001eb8   0x1a2  DblMul.o [5]
  .rodata            const    0x0000205a     0x2  rit128x96x4.o [1]
  .text              ro code  0x0000205c   0x178  DblAdd.o [5]
  .text              ro code  0x000021d4    0xd2  DblSub.o [5]
  .text              ro code  0x000022a8    0xd8  warning.o [1]
  .text              ro code  0x00002380    0xc8  compute.o [1]
  .text              ro code  0x00002448    0x1a  U32ToDbl.o [5]
  .text              ro code  0x00002464    0x3a  DblToS32.o [5]
  .rodata            const    0x000024a0    0x6c  sysctl.o [4]
  .rodata            const    0x0000250c    0x50  rit128x96x4.o [1]
  .text              ro code  0x0000255c    0x38  packbits_init_single.o [6]
  .text              ro code  0x00002594    0x30  statusMethod.o [1]
  .text              ro code  0x000025c4    0x28  data_init.o [6]
  .iar.init_table    const    0x000025ec    0x10  - Linker created -
  .text              ro code  0x000025fc    0x1e  cmain.o [6]
  .text              ro code  0x0000261a     0x4  low_level_init.o [3]
  .text              ro code  0x0000261e     0x4  exit.o [3]
  .text              ro code  0x00002624     0xa  cexit.o [6]
  .text              ro code  0x00002630    0x14  exit.o [7]
  .rodata            const    0x00002644    0x14  display.o [1]
  .rodata            const    0x00002658    0x14  display.o [1]
  .rodata            const    0x0000266c    0x14  display.o [1]
  .rodata            const    0x00002680    0x14  ustdlib.o [1]
  .rodata            const    0x00002694    0x14  interrupt.o [4]
  .rodata            const    0x000026a8    0x10  display.o [1]
  .rodata            const    0x000026b8    0x10  display.o [1]
  .rodata            const    0x000026c8    0x10  display.o [1]
  .rodata            const    0x000026d8    0x10  display.o [1]
  .rodata            const    0x000026e8    0x10  display.o [1]
  .rodata            const    0x000026f8    0x10  display.o [1]
  .rodata            const    0x00002708    0x10  display.o [1]
  .rodata            const    0x00002718    0x10  display.o [1]
  .rodata            const    0x00002728     0xc  sysctl.o [4]
  .text              ro code  0x00002734     0xc  cstartup_M.o [6]
  .rodata            const    0x00002740     0x8  display.o [1]
  .rodata            const    0x00002748     0x8  display.o [1]
  .rodata            const    0x00002750     0x8  display.o [1]
  .rodata            const    0x00002758     0x8  display.o [1]
  .rodata            const    0x00002760     0x8  display.o [1]
  .rodata            const    0x00002768     0x8  display.o [1]
  .rodata            const    0x00002770     0x8  ustdlib.o [1]
  .rodata            const    0x00002778     0x4  rit128x96x4.o [1]
  .rodata            const    0x0000277c     0x4  rit128x96x4.o [1]
  .rodata            const    0x00002780     0x4  ustdlib.o [1]
  .rodata            const    0x00002784     0x0  packbits_init_single.o [6]
  Initializer bytes  const    0x00002784     0x8  <for P2-1>
                            - 0x0000278c  0x269c

"P2", part 1 of 2:                          0x53
  P2-1                        0x20000000    0x53  <Init block>
    .data            inited   0x20000000     0x4  GlobalCounter.o [1]
    .bss             inited   0x20000004     0x4  GlobalCounter.o [1]
    .bss             inited   0x20000008     0x4  GlobalCounter.o [1]
    .bss             inited   0x2000000c     0x4  GlobalCounter.o [1]
    .bss             inited   0x20000010     0x4  GlobalCounter.o [1]
    .bss             inited   0x20000014     0x4  GlobalCounter.o [1]
    .bss             inited   0x20000018     0x4  GlobalCounter.o [1]
    .bss             inited   0x2000001c     0x4  GlobalCounter.o [1]
    .bss             inited   0x20000020     0x4  main.o [1]
    .bss             inited   0x20000024     0x4  measure.o [1]
    .bss             inited   0x20000028     0x4  measure.o [1]
    .bss             inited   0x2000002c     0x4  measure.o [1]
    .bss             inited   0x20000030     0x4  measure.o [1]
    .bss             inited   0x20000034     0x4  measure.o [1]
    .bss             inited   0x20000038     0x4  measure.o [1]
    .bss             inited   0x2000003c     0x4  rit128x96x4.o [1]
    .bss             inited   0x20000040     0x8  rit128x96x4.o [1]
    .bss             inited   0x20000048     0x4  no_free_heap0.o [3]
    .bss             inited   0x2000004c     0x4  xgetmemchunk.o [3]
    .data            inited   0x20000050     0x1  measure.o [1]
    .data            inited   0x20000051     0x1  measure.o [1]
    .bss             inited   0x20000052     0x1  warning.o [1]
                            - 0x20000053    0x53

"P2", part 2 of 2:                        0x4104
  .noinit            uninit   0x20000054   0x100  startup_ewarm.o [1]
  HEAP                        0x20000158  0x4000  <Block>
    HEAP             uninit   0x20000158  0x4000  <Block tail>
                            - 0x20004158  0x4104


*******************************************************************************
*** INIT TABLE
***

          Address     Size
          -------     ----
Copy/packbits (__iar_packbits_init_single3)
    1 source range, total size 0x8 (9% of destination):
          0x00002784   0x8
    1 destination range, total size 0x53:
          0x20000000  0x53



*******************************************************************************
*** MODULE SUMMARY
***

    Module                  ro code  ro data  rw data
    ------                  -------  -------  -------
C:\StellarisWare\boards\ek-lm3s8962\project_2\Debug\Obj: [1]
    GlobalCounter.o                        3       32
    compute.o                   200
    display.o                   612      236
    main.o                    1 696                 4
    measure.o                   690        2       26
    rit128x96x4.o               892      573       12
    startup_ewarm.o               6      240      256
    statusMethod.o               48
    ustdlib.o                   696       32
    warning.o                   216        1        1
    -------------------------------------------------
    Total:                    5 056    1 087      331

command line: [2]
    -------------------------------------------------
    Total:

dl7M_tln.a: [3]
    exit.o                        4
    low_level_init.o              4
    no_free_heap0.o              68        1        4
    strcat.o                     32
    xgetmemchunk.o               44                 4
    -------------------------------------------------
    Total:                      152        1        8

driverlib-cm3.a: [4]
    cpu.o                        16
    gpio.o                      652
    interrupt.o                 136       20
    pwm.o                       210
    ssi.o                       168
    sysctl.o                  1 068      120
    systick.o                    32
    timer.o                     124
    -------------------------------------------------
    Total:                    2 406      140

m7M_tl.a: [5]
    DblAdd.o                    376
    DblMul.o                    418
    DblSub.o                    210
    DblToS32.o                   58
    U32ToDbl.o                   26
    -------------------------------------------------
    Total:                    1 088

rt7M_tl.a: [6]
    cexit.o                      10
    cmain.o                      30
    cstartup_M.o                 12
    data_init.o                  40
    packbits_init_single.o       56
    -------------------------------------------------
    Total:                      148

shb_l.a: [7]
    exit.o                       20
    -------------------------------------------------
    Total:                       20

    Gaps                          8        2
    Linker created                        16   16 384
-----------------------------------------------------
    Grand Total:              8 878    1 246   16 723


*******************************************************************************
*** ENTRY LIST
***

Entry                      Address   Size  Type      Object
-----                      -------   ----  ----      ------
.iar.init_table$$Base   0x000025ec          --   Gb  - Linker created -
.iar.init_table$$Limit  0x000025fc          --   Gb  - Linker created -
?main                   0x000025fd         Code  Gb  cmain.o [6]
CPUcpsid                0x00001405    0x8  Code  Gb  cpu.o [4]
CPUcpsie                0x0000140d    0x8  Code  Gb  cpu.o [4]
Communications          0x000006f1    0x2  Code  Gb  main.o [1]
Compute                 0x0000239b   0x2a  Code  Gb  compute.o [1]
Display                 0x00001a55  0x264  Code  Gb  display.o [1]
FaultISR                0x00000bf5    0x2  Code  Lc  startup_ewarm.o [1]
GPIODirModeSet          0x00000895   0x46  Code  Gb  gpio.o [4]
GPIOIntTypeSet          0x000008db   0x66  Code  Gb  gpio.o [4]
GPIOPadConfigSet        0x00000941  0x126  Code  Gb  gpio.o [4]
GPIOPinIntClear         0x00000a79    0xa  Code  Gb  gpio.o [4]
GPIOPinIntEnable        0x00000a67   0x12  Code  Gb  gpio.o [4]
GPIOPinRead             0x00000a83    0xa  Code  Gb  gpio.o [4]
GPIOPinTypeGPIOInput    0x00000a99   0x22  Code  Gb  gpio.o [4]
GPIOPinTypeGPIOOutput   0x00000abb   0x22  Code  Gb  gpio.o [4]
GPIOPinTypePWM          0x00000add   0x22  Code  Gb  gpio.o [4]
GPIOPinTypeSSI          0x00000aff   0x22  Code  Gb  gpio.o [4]
GPIOPinWrite            0x00000a8d    0xc  Code  Gb  gpio.o [4]
HEAP$$Base              0x20000158          --   Gb  - Linker created -
HEAP$$Limit             0x20004158          --   Gb  - Linker created -
IntDefaultHandler       0x00000bf7    0x2  Code  Lc  startup_ewarm.o [1]
IntEnable               0x00000821   0x68  Code  Gb  interrupt.o [4]
IntMasterDisable        0x00000817    0xa  Code  Gb  interrupt.o [4]
IntMasterEnable         0x0000080d    0xa  Code  Gb  interrupt.o [4]
Keypad                  0x00000621   0xce  Code  Gb  main.o [1]
LEDOn                   0x20000052    0x1  Data  Gb  warning.o [1]
Measure                 0x000017a1   0x54  Code  Gb  measure.o [1]
NmiSR                   0x00000bf3    0x2  Code  Lc  startup_ewarm.o [1]
PWMGenConfigure         0x00000b21   0x3c  Code  Gb  pwm.o [4]
PWMGenDisable           0x00000b8d    0xe  Code  Gb  pwm.o [4]
PWMGenEnable            0x00000b7f    0xe  Code  Gb  pwm.o [4]
PWMGenPeriodSet         0x00000b5d   0x22  Code  Gb  pwm.o [4]
PWMOutputState          0x00000bc9   0x2a  Code  Gb  pwm.o [4]
PWMPulseWidthSet        0x00000b9b   0x2e  Code  Gb  pwm.o [4]
RIT128x96x4Clear        0x00001179   0x44  Code  Gb  rit128x96x4.o [1]
RIT128x96x4Clear::pucCommand1
                        0x00002778    0x4  Data  Lc  rit128x96x4.o [1]
RIT128x96x4Clear::pucCommand2
                        0x0000277c    0x4  Data  Lc  rit128x96x4.o [1]
RIT128x96x4Enable       0x0000129f   0x58  Code  Gb  rit128x96x4.o [1]
RIT128x96x4Init         0x000012f7   0x9a  Code  Gb  rit128x96x4.o [1]
RIT128x96x4StringDraw   0x000011bd   0xe2  Code  Gb  rit128x96x4.o [1]
RITWriteCommand         0x00001045   0x9a  Code  Lc  rit128x96x4.o [1]
RITWriteData            0x000010df   0x9a  Code  Lc  rit128x96x4.o [1]
Region$$Table$$Base     0x000025ec          --   Gb  - Linker created -
Region$$Table$$Limit    0x000025fc          --   Gb  - Linker created -
SSIBusy                 0x000014b1    0xc  Code  Gb  ssi.o [4]
SSIConfigSetExpClk      0x00001415   0x6e  Code  Gb  ssi.o [4]
SSIDataPut              0x0000149f   0x12  Code  Gb  ssi.o [4]
SSIDisable              0x00001491    0xe  Code  Gb  ssi.o [4]
SSIEnable               0x00001483    0xe  Code  Gb  ssi.o [4]
Schedule                0x000005f9   0x28  Code  Gb  main.o [1]
StatusMethod            0x00002595   0x30  Code  Gb  statusMethod.o [1]
SysCtlClockGet          0x00000dcf  0x1e6  Code  Gb  sysctl.o [4]
SysCtlClockSet          0x00000c55  0x17a  Code  Gb  sysctl.o [4]
SysCtlDelay             0x00000c4d    0x8  Code  Gb  sysctl.o [4]
SysCtlPWMClockSet       0x00000fb5   0x10  Code  Gb  sysctl.o [4]
SysCtlPeripheralEnable  0x00000bf9   0x54  Code  Gb  sysctl.o [4]
SysTickEnable           0x00001025    0xe  Code  Gb  systick.o [4]
SysTickPeriodSet        0x00001033    0x8  Code  Gb  systick.o [4]
Timer0IntHandler        0x000000f1   0x60  Code  Gb  main.o [1]
TimerConfigure          0x000007a7   0x32  Code  Gb  timer.o [4]
TimerEnable             0x00000791   0x16  Code  Gb  timer.o [4]
TimerIntClear           0x00000805    0x8  Code  Gb  timer.o [4]
TimerIntEnable          0x000007f5   0x10  Code  Gb  timer.o [4]
TimerLoadSet            0x000007dd   0x18  Code  Gb  timer.o [4]
WarningAlarm            0x000022a9   0x5e  Code  Gb  warning.o [1]
__aeabi_d2iz            0x00002465         Code  Gb  DblToS32.o [5]
__aeabi_dadd            0x0000205d         Code  Gb  DblAdd.o [5]
__aeabi_dmul            0x00001eb9         Code  Gb  DblMul.o [5]
__aeabi_ui2d            0x00002449         Code  Gb  U32ToDbl.o [5]
__cmain                 0x000025fd         Code  Gb  cmain.o [6]
__data_GetMemChunk      0x000014bd   0x2c  Code  Gb  xgetmemchunk.o [3]
__data_GetMemChunk::start
                        0x2000004c    0x4  Data  Lc  xgetmemchunk.o [3]
__exit                  0x00002631   0x14  Code  Gb  exit.o [7]
__iar_dadd              0x000021d5         Code  Gb  DblSub.o [5]
__iar_data_init3        0x000025c5   0x28  Code  Gb  data_init.o [6]
__iar_dsub              0x0000206d         Code  Gb  DblAdd.o [5]
__iar_dsubStart         0x0000207f         Code  Gb  DblAdd.o [5]
__iar_packbits_init_single3
                        0x0000255d   0x38  Code  Gb  packbits_init_single.o [6]
__iar_program_start     0x00002735         Code  Gb  cstartup_M.o [6]
__iar_systems$$module {Abs}
                        0x00000001         Data  Gb  command line/config [2]
__low_level_init        0x0000261b    0x4  Code  Gb  low_level_init.o [3]
__no_free_malloc        0x000013c1   0x40  Code  Gb  no_free_heap0.o [3]
__vector_table          0x00000000   0xf0  Data  Gb  startup_ewarm.o [1]
_call_main              0x00002609         Code  Gb  cmain.o [6]
_exit                   0x00002625         Code  Gb  cexit.o [6]
_main                   0x00002617         Code  Gb  cmain.o [6]
blinky                  0x00002307   0x66  Code  Gb  warning.o [1]
calcTempRaw             0x000017f5   0x9a  Code  Gb  measure.o [1]
calcTempRaw::funcCall   0x2000002c    0x4  Data  Lc  measure.o [1]
calcTempRaw::isReversed
                        0x20000050    0x1  Data  Lc  measure.o [1]
computeinsertAtFront    0x00002381   0x1a  Code  Gb  compute.o [1]
convertToCelsius        0x00002413   0x26  Code  Gb  compute.o [1]
delay                   0x000006f3   0x32  Code  Gb  main.o [1]
diasComplete            0x20000028    0x4  Data  Lc  measure.o [1]
diasPressConversion     0x000023d7   0x28  Code  Gb  compute.o [1]
diasPressRaw            0x0000190b   0x6a  Code  Gb  measure.o [1]
diasPressRaw::funcCall  0x20000034    0x4  Data  Lc  measure.o [1]
dirPressedHandler       0x0000016b   0xa6  Code  Gb  main.o [1]
downPressed             0x20000010    0x4  Data  Gb  GlobalCounter.o [1]
exit                    0x0000261f    0x4  Code  Gb  exit.o [3]
g_pcHex                 0x00002780    0x4  Data  Lc  ustdlib.o [1]
g_pucBuffer             0x20000040    0x8  Data  Lc  rit128x96x4.o [1]
g_pucFont               0x00001cd8  0x1e0  Data  Lc  rit128x96x4.o [1]
g_pucRIT128x96x4HorizontalInc
                        0x0000205a    0x2  Data  Lc  rit128x96x4.o [1]
g_pucRIT128x96x4Init    0x0000250c   0x50  Data  Lc  rit128x96x4.o [1]
g_pucRIT128x96x4VerticalInc
                        0x00001a52    0x2  Data  Lc  rit128x96x4.o [1]
g_pulEnRegs             0x00002694   0x14  Data  Lc  interrupt.o [4]
g_pulRCGCRegs           0x00002728    0xc  Data  Lc  sysctl.o [4]
g_pulXtals              0x000024a0   0x6c  Data  Lc  sysctl.o [4]
g_ulFlags               0x20000020    0x4  Data  Gb  main.o [1]
g_ulSSIFlags            0x2000003c    0x4  Data  Lc  rit128x96x4.o [1]
globalCounter           0x20000004    0x4  Data  Gb  GlobalCounter.o [1]
insertAtFront           0x00001a39   0x1a  Code  Gb  measure.o [1]
leftPressed             0x20000014    0x4  Data  Gb  GlobalCounter.o [1]
main                    0x00000213  0x3e2  Code  Gb  main.o [1]
pulStack                0x20000054  0x100  Data  Lc  startup_ewarm.o [1]
pulseRateConversion     0x000023ff   0x14  Code  Gb  compute.o [1]
pulseRateRaw            0x00001975   0x9a  Code  Gb  measure.o [1]
pulseRateRaw::funcCall  0x20000038    0x4  Data  Lc  measure.o [1]
pulseRateRaw::isReversed
                        0x20000051    0x1  Data  Lc  measure.o [1]
qs                      0x20000048    0x4  Data  Lc  no_free_heap0.o [3]
rightPressed            0x20000018    0x4  Data  Gb  GlobalCounter.o [1]
runDisplay              0x20000000    0x4  Data  Gb  GlobalCounter.o [1]
runMeasure              0x2000001c    0x4  Data  Gb  GlobalCounter.o [1]
selectPressed           0x20000008    0x4  Data  Gb  GlobalCounter.o [1]
selectPressedHandler    0x00000153   0x16  Code  Gb  main.o [1]
strcat                  0x00001cb9   0x20  Code  Gb  strcat.o [3]
sysComplete             0x20000024    0x4  Data  Lc  measure.o [1]
sysPressConversion      0x000023c5   0x12  Code  Gb  compute.o [1]
sysPressRaw             0x0000188f   0x7c  Code  Gb  measure.o [1]
sysPressRaw::funcCall   0x20000030    0x4  Data  Lc  measure.o [1]
upPressed               0x2000000c    0x4  Data  Gb  GlobalCounter.o [1]
usprintf                0x00001783   0x16  Code  Gb  ustdlib.o [1]
ustrncpy                0x000014e9   0x2a  Code  Gb  ustdlib.o [1]
uvsnprintf              0x00001513  0x270  Code  Gb  ustdlib.o [1]


[1] = C:\StellarisWare\boards\ek-lm3s8962\project_2\Debug\Obj
[2] = command line
[3] = dl7M_tln.a
[4] = driverlib-cm3.a
[5] = m7M_tl.a
[6] = rt7M_tl.a
[7] = shb_l.a

   8 878 bytes of readonly  code memory
   1 246 bytes of readonly  data memory
  16 723 bytes of readwrite data memory

Errors: none
Warnings: none
